[2026-03-19 13:36:58] INFO  StepDef - Open URL
[2026-03-19 13:36:59] INFO  StepDef - Entered username and password
[2026-03-19 13:36:59] WARN  StepDef - Clicked on login button
[2026-03-19 13:37:02] WARN  StepDef - Dashboard URL verified
[2026-03-19 13:37:02] INFO  StepDef - Clicked on User menu
[2026-03-19 13:37:04] INFO  StepDef - Clicked on logout button
[2026-03-19 13:37:07] WARN  StepDef - Dashboard URL verified
[2026-03-19 13:37:07] INFO  StepDef - Driver closed
[2026-03-19 13:37:07] INFO  StepDef - Quited driver
[2026-03-19 13:37:09] INFO  StepDef - Open URL
[2026-03-19 13:37:10] INFO  StepDef - Entered username and password
[2026-03-19 13:37:10] WARN  StepDef - Clicked on login button
[2026-03-19 13:37:13] WARN  StepDef - Dashboard URL verified
[2026-03-19 13:37:14] INFO  StepDef - Clicked on Admin button.
[2026-03-19 13:37:17] WARN  StepDef - Dashboard URL verified
[2026-03-19 13:37:17] INFO  StepDef - Entered username in username text box.
[2026-03-19 13:37:17] INFO  StepDef - Clicked on search button.
[2026-03-19 13:37:27] INFO  StepDef - Quited driver
[2026-03-19 13:37:30] INFO  StepDef - Open URL
[2026-03-19 13:37:31] INFO  StepDef - Entered username and password
[2026-03-19 13:37:31] WARN  StepDef - Clicked on login button
[2026-03-19 13:37:34] WARN  StepDef - Dashboard URL verified
[2026-03-19 13:37:35] INFO  StepDef - User clicked on PIM button.
[2026-03-19 13:37:38] WARN  StepDef - Dashboard URL verified
[2026-03-19 13:37:38] INFO  StepDef - User clicked on add button.
[2026-03-19 13:37:39] INFO  StepDef - User entered first name in first name box.
[2026-03-19 13:37:39] INFO  StepDef - User entered last name in last name box.
[2026-03-19 13:37:39] INFO  StepDef - User entered employee iD  in ID box.
[2026-03-19 13:37:39] INFO  StepDef - User clicks on the save button.
[2026-03-19 13:37:40] INFO  StepDef - User clicked on PIM button.
[2026-03-19 13:37:40] INFO  StepDef - Clicked on search button.
[2026-03-19 13:37:40] INFO  StepDef - Driver closed
[2026-03-19 13:37:41] INFO  StepDef - Quited driver
[2026-03-19 13:46:55] INFO  StepDef - Open URL
[2026-03-19 13:46:56] INFO  StepDef - Entered username and password
[2026-03-19 13:46:57] WARN  StepDef - Clicked on login button
[2026-03-19 13:47:00] WARN  StepDef - Dashboard URL verified
[2026-03-19 13:47:01] INFO  StepDef - User clicked on PIM button.
[2026-03-19 13:47:04] WARN  StepDef - Dashboard URL verified
[2026-03-19 13:47:05] INFO  StepDef - User clicked on add button.
[2026-03-19 13:47:05] INFO  StepDef - User entered first name in first name box.
[2026-03-19 13:47:05] INFO  StepDef - User entered last name in last name box.
[2026-03-19 13:47:05] INFO  StepDef - User entered employee iD  in ID box.
[2026-03-19 13:47:05] INFO  StepDef - User clicks on the save button.
[2026-03-19 13:47:11] INFO  StepDef - Quited driver
[2026-03-19 13:53:42] INFO  StepDef - Open URL
[2026-03-19 13:53:42] INFO  StepDef - Entered username and password
[2026-03-19 13:53:43] WARN  StepDef - Clicked on login button
[2026-03-19 13:53:46] WARN  StepDef - Dashboard URL verified
[2026-03-19 13:53:47] INFO  StepDef - User clicked on PIM button.
[2026-03-19 13:53:50] WARN  StepDef - Dashboard URL verified
[2026-03-19 13:53:50] INFO  StepDef - User clicked on add button.
[2026-03-19 13:53:51] INFO  StepDef - User entered first name in first name box.
[2026-03-19 13:53:51] INFO  StepDef - User entered last name in last name box.
[2026-03-19 13:53:51] INFO  StepDef - User entered employee iD  in ID box.
[2026-03-19 13:53:51] INFO  StepDef - User clicks on the save button.
[2026-03-19 13:53:57] INFO  StepDef - Quited driver
[2026-03-19 13:54:44] INFO  StepDef - Open URL
[2026-03-19 13:54:45] INFO  StepDef - Entered username and password
[2026-03-19 13:54:47] WARN  StepDef - Clicked on login button
[2026-03-19 13:54:50] WARN  StepDef - Dashboard URL verified
[2026-03-19 13:54:51] INFO  StepDef - User clicked on PIM button.
[2026-03-19 13:54:54] WARN  StepDef - Dashboard URL verified
[2026-03-19 13:54:54] INFO  StepDef - User clicked on add button.
[2026-03-19 13:54:54] INFO  StepDef - User entered first name in first name box.
[2026-03-19 13:54:55] INFO  StepDef - User entered last name in last name box.
[2026-03-19 13:54:55] INFO  StepDef - User entered employee iD  in ID box.
[2026-03-19 13:54:55] INFO  StepDef - User clicks on the save button.
[2026-03-19 13:55:03] INFO  StepDef - Quited driver
[2026-03-19 13:58:33] INFO  StepDef - Open URL
[2026-03-19 13:58:35] INFO  StepDef - Entered username and password
[2026-03-19 13:58:35] WARN  StepDef - Clicked on login button
[2026-03-19 13:58:38] WARN  StepDef - Dashboard URL verified
[2026-03-19 13:58:40] INFO  StepDef - User clicked on PIM button.
[2026-03-19 13:58:43] WARN  StepDef - Dashboard URL verified
[2026-03-19 13:58:46] INFO  StepDef - User clicked on add button.
[2026-03-19 13:58:47] INFO  StepDef - User entered first name in first name box.
[2026-03-19 13:58:47] INFO  StepDef - User entered last name in last name box.
[2026-03-19 13:58:47] INFO  StepDef - User entered employee iD  in ID box.
[2026-03-19 13:58:48] INFO  StepDef - User clicks on the save button.
[2026-03-19 13:59:00] INFO  StepDef - Quited driver
[2026-03-19 14:01:57] INFO  StepDef - Open URL
[2026-03-19 14:01:58] INFO  StepDef - Entered username and password
[2026-03-19 14:01:58] WARN  StepDef - Clicked on login button
[2026-03-19 14:02:01] WARN  StepDef - Dashboard URL verified
[2026-03-19 14:02:02] INFO  StepDef - User clicked on PIM button.
[2026-03-19 14:02:05] WARN  StepDef - Dashboard URL verified
[2026-03-19 14:02:05] INFO  StepDef - User clicked on add button.
[2026-03-19 14:02:06] INFO  StepDef - User entered first name in first name box.
[2026-03-19 14:02:06] INFO  StepDef - User entered last name in last name box.
[2026-03-19 14:02:06] INFO  StepDef - User entered employee iD  in ID box.
[2026-03-19 14:02:06] INFO  StepDef - User clicks on the save button.
[2026-03-19 14:02:15] INFO  StepDef - User clicked on PIM button.
[2026-03-19 14:02:15] INFO  StepDef - Clicked on search button.
[2026-03-19 14:02:15] INFO  StepDef - Driver closed
[2026-03-19 14:02:15] INFO  StepDef - Quited driver
[2026-03-19 14:03:12] INFO  StepDef - Open URL
[2026-03-19 14:03:13] INFO  StepDef - Entered username and password
[2026-03-19 14:03:13] WARN  StepDef - Clicked on login button
[2026-03-19 14:03:16] WARN  StepDef - Dashboard URL verified
[2026-03-19 14:03:17] INFO  StepDef - User clicked on PIM button.
[2026-03-19 14:03:20] WARN  StepDef - Dashboard URL verified
[2026-03-19 14:03:20] INFO  StepDef - User clicked on add button.
[2026-03-19 14:03:21] INFO  StepDef - User entered first name in first name box.
[2026-03-19 14:03:21] INFO  StepDef - User entered last name in last name box.
[2026-03-19 14:03:21] INFO  StepDef - User entered employee iD  in ID box.
[2026-03-19 14:03:21] INFO  StepDef - User clicks on the save button.
[2026-03-19 14:03:29] INFO  StepDef - Quited driver
[2026-03-19 14:04:48] INFO  StepDef - Open URL
[2026-03-19 14:04:49] INFO  StepDef - Entered username and password
[2026-03-19 14:04:49] WARN  StepDef - Clicked on login button
[2026-03-19 14:04:52] WARN  StepDef - Dashboard URL verified
[2026-03-19 14:04:53] INFO  StepDef - User clicked on PIM button.
[2026-03-19 14:04:56] WARN  StepDef - Dashboard URL verified
[2026-03-19 14:04:56] INFO  StepDef - User clicked on add button.
[2026-03-19 14:04:57] INFO  StepDef - User entered first name in first name box.
[2026-03-19 14:04:57] INFO  StepDef - User entered last name in last name box.
[2026-03-19 14:04:57] INFO  StepDef - User entered employee iD  in ID box.
[2026-03-19 14:04:57] INFO  StepDef - User clicks on the save button.
[2026-03-19 14:05:06] INFO  StepDef - User clicked on PIM button.
[2026-03-19 14:05:06] INFO  StepDef - Clicked on search button.
[2026-03-19 14:05:07] INFO  StepDef - Driver closed
[2026-03-19 14:05:07] INFO  StepDef - Quited driver
[2026-03-19 14:06:27] INFO  StepDef - Open URL
[2026-03-19 14:06:27] INFO  StepDef - Entered username and password
[2026-03-19 14:06:27] WARN  StepDef - Clicked on login button
[2026-03-19 14:06:30] WARN  StepDef - Dashboard URL verified
[2026-03-19 14:06:31] INFO  StepDef - User clicked on PIM button.
[2026-03-19 14:06:34] WARN  StepDef - Dashboard URL verified
[2026-03-19 14:06:35] INFO  StepDef - User clicked on add button.
[2026-03-19 14:06:36] INFO  StepDef - User entered first name in first name box.
[2026-03-19 14:06:36] INFO  StepDef - User entered last name in last name box.
[2026-03-19 14:06:36] INFO  StepDef - User entered employee iD  in ID box.
[2026-03-19 14:06:36] INFO  StepDef - User clicks on the save button.
[2026-03-19 14:06:45] INFO  StepDef - Quited driver
[2026-03-19 14:08:02] INFO  StepDef - Open URL
[2026-03-19 14:08:03] INFO  StepDef - Entered username and password
[2026-03-19 14:08:04] WARN  StepDef - Clicked on login button
[2026-03-19 14:08:07] WARN  StepDef - Dashboard URL verified
[2026-03-19 14:08:08] INFO  StepDef - User clicked on PIM button.
[2026-03-19 14:08:11] WARN  StepDef - Dashboard URL verified
[2026-03-19 14:08:12] INFO  StepDef - User clicked on add button.
[2026-03-19 14:08:12] INFO  StepDef - User entered first name in first name box.
[2026-03-19 14:08:12] INFO  StepDef - User entered last name in last name box.
[2026-03-19 14:08:12] INFO  StepDef - User entered employee iD  in ID box.
[2026-03-19 14:08:12] INFO  StepDef - User clicks on the save button.
[2026-03-19 14:08:21] INFO  StepDef - Quited driver
[2026-03-19 14:09:48] INFO  StepDef - Open URL
[2026-03-19 14:09:48] INFO  StepDef - Entered username and password
[2026-03-19 14:09:49] WARN  StepDef - Clicked on login button
[2026-03-19 14:09:52] WARN  StepDef - Dashboard URL verified
[2026-03-19 14:09:53] INFO  StepDef - User clicked on PIM button.
[2026-03-19 14:09:56] WARN  StepDef - Dashboard URL verified
[2026-03-19 14:09:57] INFO  StepDef - User clicked on add button.
[2026-03-19 14:09:57] INFO  StepDef - User entered first name in first name box.
[2026-03-19 14:09:58] INFO  StepDef - User entered last name in last name box.
[2026-03-19 14:09:58] INFO  StepDef - User entered employee iD  in ID box.
[2026-03-19 14:09:58] INFO  StepDef - User clicks on the save button.
[2026-03-19 14:10:06] INFO  StepDef - Quited driver
[2026-03-19 14:20:21] INFO  StepDef - Open URL
[2026-03-19 14:20:21] INFO  StepDef - Entered username and password
[2026-03-19 14:20:21] WARN  StepDef - Clicked on login button
[2026-03-19 14:20:24] WARN  StepDef - Dashboard URL verified
[2026-03-19 14:20:25] INFO  StepDef - User clicked on PIM button.
[2026-03-19 14:20:28] WARN  StepDef - Dashboard URL verified
[2026-03-19 14:20:29] INFO  StepDef - User clicked on add button.
[2026-03-19 14:20:29] INFO  StepDef - User entered first name in first name box.
[2026-03-19 14:20:29] INFO  StepDef - User entered last name in last name box.
[2026-03-19 14:20:29] INFO  StepDef - User entered employee iD  in ID box.
[2026-03-19 14:20:30] INFO  StepDef - User clicks on the save button.
[2026-03-19 14:20:36] INFO  StepDef - User clicked on PIM button.
[2026-03-19 14:20:36] INFO  StepDef - Clicked on search button.
[2026-03-19 14:20:36] INFO  StepDef - Driver closed
[2026-03-19 14:20:37] INFO  StepDef - Quited driver
[2026-03-19 14:23:11] INFO  StepDef - Open URL
[2026-03-19 14:23:12] INFO  StepDef - Entered username and password
[2026-03-19 14:23:12] WARN  StepDef - Clicked on login button
[2026-03-19 14:23:15] WARN  StepDef - Dashboard URL verified
[2026-03-19 14:23:19] INFO  StepDef - User clicked on PIM button.
[2026-03-19 14:23:22] WARN  StepDef - Dashboard URL verified
[2026-03-19 14:23:22] INFO  StepDef - User clicked on add button.
[2026-03-19 14:23:23] INFO  StepDef - User entered first name in first name box.
[2026-03-19 14:23:23] INFO  StepDef - User entered last name in last name box.
[2026-03-19 14:23:23] INFO  StepDef - User entered employee iD  in ID box.
[2026-03-19 14:23:23] INFO  StepDef - User clicks on the save button.
[2026-03-19 14:23:32] INFO  StepDef - User clicked on PIM button.
[2026-03-19 14:23:32] INFO  StepDef - Clicked on search button.
[2026-03-19 14:23:33] INFO  StepDef - Driver closed
[2026-03-19 14:23:33] INFO  StepDef - Quited driver
[2026-03-19 14:26:32] INFO  StepDef - Open URL
[2026-03-19 14:26:33] INFO  StepDef - Entered username and password
[2026-03-19 14:26:34] WARN  StepDef - Clicked on login button
[2026-03-19 14:26:37] WARN  StepDef - Dashboard URL verified
[2026-03-19 14:26:38] INFO  StepDef - Quited driver
[2026-03-19 14:30:32] INFO  StepDef - Open URL
[2026-03-19 14:30:32] INFO  StepDef - Entered username and password
[2026-03-19 14:30:32] WARN  StepDef - Clicked on login button
[2026-03-19 14:30:36] WARN  StepDef - Dashboard URL verified
[2026-03-19 14:30:39] INFO  StepDef - User clicked on PIM button.
[2026-03-19 14:30:42] WARN  StepDef - Dashboard URL verified
[2026-03-19 14:30:43] INFO  StepDef - User clicked on add button.
[2026-03-19 14:30:43] INFO  StepDef - User entered first name in first name box.
[2026-03-19 14:30:43] INFO  StepDef - User entered last name in last name box.
[2026-03-19 14:30:44] INFO  StepDef - User entered employee iD  in ID box.
[2026-03-19 14:30:44] INFO  StepDef - User clicks on the save button.
[2026-03-19 14:30:53] INFO  StepDef - User clicked on PIM button.
[2026-03-19 14:30:53] INFO  StepDef - Clicked on search button.
[2026-03-19 14:30:53] INFO  StepDef - Driver closed
[2026-03-19 14:30:53] INFO  StepDef - Quited driver
[2026-03-19 14:34:51] INFO  StepDef - Open URL
[2026-03-19 14:34:52] INFO  StepDef - Entered username and password
[2026-03-19 14:34:52] WARN  StepDef - Clicked on login button
[2026-03-19 14:34:55] WARN  StepDef - Dashboard URL verified
[2026-03-19 14:34:55] INFO  StepDef - Clicked on User menu
[2026-03-19 14:34:56] INFO  StepDef - Clicked on logout button
[2026-03-19 14:34:59] WARN  StepDef - Dashboard URL verified
[2026-03-19 14:34:59] INFO  StepDef - Driver closed
[2026-03-19 14:34:59] INFO  StepDef - Quited driver
[2026-03-19 14:35:02] INFO  StepDef - Open URL
[2026-03-19 14:35:03] INFO  StepDef - Entered username and password
[2026-03-19 14:35:03] WARN  StepDef - Clicked on login button
[2026-03-19 14:35:06] WARN  StepDef - Dashboard URL verified
[2026-03-19 14:35:07] INFO  StepDef - Clicked on Admin button.
[2026-03-19 14:35:10] WARN  StepDef - Dashboard URL verified
[2026-03-19 14:35:10] INFO  StepDef - Entered username in username text box.
[2026-03-19 14:35:10] INFO  StepDef - Clicked on search button.
[2026-03-19 14:35:20] INFO  StepDef - Quited driver
[2026-03-19 14:35:23] INFO  StepDef - Open URL
[2026-03-19 14:35:24] INFO  StepDef - Entered username and password
[2026-03-19 14:35:25] WARN  StepDef - Clicked on login button
[2026-03-19 14:35:28] WARN  StepDef - Dashboard URL verified
[2026-03-19 14:35:32] INFO  StepDef - User clicked on PIM button.
[2026-03-19 14:35:35] WARN  StepDef - Dashboard URL verified
[2026-03-19 14:35:35] INFO  StepDef - User clicked on add button.
[2026-03-19 14:35:36] INFO  StepDef - User entered first name in first name box.
[2026-03-19 14:35:36] INFO  StepDef - User entered last name in last name box.
[2026-03-19 14:35:36] INFO  StepDef - User entered employee iD  in ID box.
[2026-03-19 14:35:36] INFO  StepDef - User clicks on the save button.
[2026-03-19 14:35:45] INFO  StepDef - User clicked on PIM button.
[2026-03-19 14:36:06] INFO  StepDef - Quited driver
[2026-03-19 14:36:44] INFO  StepDef - Open URL
[2026-03-19 14:36:45] INFO  StepDef - Entered username and password
[2026-03-19 14:36:46] WARN  StepDef - Clicked on login button
[2026-03-19 14:36:49] WARN  StepDef - Dashboard URL verified
[2026-03-19 14:36:53] INFO  StepDef - User clicked on PIM button.
[2026-03-19 14:36:56] WARN  StepDef - Dashboard URL verified
[2026-03-19 14:36:57] INFO  StepDef - User clicked on add button.
[2026-03-19 14:36:57] INFO  StepDef - User entered first name in first name box.
[2026-03-19 14:36:57] INFO  StepDef - User entered last name in last name box.
[2026-03-19 14:36:57] INFO  StepDef - User entered employee iD  in ID box.
[2026-03-19 14:36:58] INFO  StepDef - User clicks on the save button.
[2026-03-19 14:37:07] INFO  StepDef - User clicked on PIM button.
[2026-03-19 14:37:28] INFO  StepDef - Quited driver
[2026-03-19 14:40:26] INFO  StepDef - Open URL
[2026-03-19 14:40:27] INFO  StepDef - Entered username and password
[2026-03-19 14:40:27] WARN  StepDef - Clicked on login button
[2026-03-19 14:40:30] WARN  StepDef - Dashboard URL verified
[2026-03-19 14:40:34] INFO  StepDef - User clicked on PIM button.
[2026-03-19 14:40:37] WARN  StepDef - Dashboard URL verified
[2026-03-19 14:40:38] INFO  StepDef - User clicked on add button.
[2026-03-19 14:40:38] INFO  StepDef - User entered first name in first name box.
[2026-03-19 14:40:38] INFO  StepDef - User entered last name in last name box.
[2026-03-19 14:40:38] INFO  StepDef - User entered employee iD  in ID box.
[2026-03-19 14:40:39] INFO  StepDef - User clicks on the save button.
[2026-03-19 14:40:48] INFO  StepDef - User clicked on PIM button.
[2026-03-19 14:40:48] INFO  StepDef - Clicked on search button.
[2026-03-19 14:40:49] INFO  StepDef - Quited driver
[2026-03-19 14:55:55] INFO  StepDef - Open URL
[2026-03-19 14:55:56] INFO  StepDef - Entered username and password
[2026-03-19 14:55:56] WARN  StepDef - Clicked on login button
[2026-03-19 14:55:59] WARN  StepDef - Dashboard URL verified
[2026-03-19 14:56:03] INFO  StepDef - User clicked on PIM button.
[2026-03-19 14:56:06] WARN  StepDef - Dashboard URL verified
[2026-03-19 14:56:07] INFO  StepDef - User clicked on add button.
[2026-03-19 14:56:07] INFO  StepDef - User entered first name in first name box.
[2026-03-19 14:56:07] INFO  StepDef - User entered last name in last name box.
[2026-03-19 14:56:07] INFO  StepDef - User entered employee iD  in ID box.
[2026-03-19 14:56:08] INFO  StepDef - User clicks on the save button.
[2026-03-19 14:56:17] INFO  StepDef - User clicked on PIM button.
[2026-03-19 14:56:17] INFO  StepDef - Clicked on search button.
[2026-03-19 14:56:18] INFO  StepDef - Driver closed
[2026-03-19 14:56:18] INFO  StepDef - Quited driver
[2026-03-19 15:33:02] INFO  StepDef - Open URL
[2026-03-19 15:33:03] INFO  StepDef - Entered username and password
[2026-03-19 15:33:04] WARN  StepDef - Clicked on login button
[2026-03-19 15:33:07] WARN  StepDef - Dashboard URL verified
[2026-03-19 15:33:11] INFO  StepDef - User clicked on PIM button.
[2026-03-19 15:33:14] WARN  StepDef - Dashboard URL verified
[2026-03-19 15:33:14] INFO  StepDef - User clicked on add button.
[2026-03-19 15:33:15] INFO  StepDef - User entered first name in first name box.
[2026-03-19 15:33:15] INFO  StepDef - User entered last name in last name box.
[2026-03-19 15:33:15] INFO  StepDef - User entered employee iD  in ID box.
[2026-03-19 15:33:15] INFO  StepDef - User clicks on the save button.
[2026-03-19 15:33:25] INFO  StepDef - User clicked on PIM button.
[2026-03-19 15:33:25] INFO  StepDef - Clicked on search button.
[2026-03-19 15:33:26] INFO  StepDef - Driver closed
[2026-03-19 15:33:26] INFO  StepDef - Quited driver
[2026-03-19 15:35:33] INFO  StepDef - Open URL
[2026-03-19 15:35:34] INFO  StepDef - Entered username and password
[2026-03-19 15:35:34] WARN  StepDef - Clicked on login button
[2026-03-19 15:35:37] WARN  StepDef - Dashboard URL verified
[2026-03-19 15:35:37] INFO  StepDef - Clicked on User menu
[2026-03-19 15:35:39] INFO  StepDef - Clicked on logout button
[2026-03-19 15:35:42] WARN  StepDef - Dashboard URL verified
[2026-03-19 15:35:42] INFO  StepDef - Driver closed
[2026-03-19 15:35:42] INFO  StepDef - Quited driver
[2026-03-19 15:35:45] INFO  StepDef - Open URL
[2026-03-19 15:35:45] INFO  StepDef - Entered username and password
[2026-03-19 15:35:45] WARN  StepDef - Clicked on login button
[2026-03-19 15:35:48] WARN  StepDef - Dashboard URL verified
[2026-03-19 15:35:49] INFO  StepDef - Clicked on Admin button.
[2026-03-19 15:35:52] WARN  StepDef - Dashboard URL verified
[2026-03-19 15:35:53] INFO  StepDef - Entered username in username text box.
[2026-03-19 15:35:53] INFO  StepDef - Clicked on search button.
[2026-03-19 15:36:03] INFO  StepDef - Quited driver
[2026-03-19 15:36:06] INFO  StepDef - Open URL
[2026-03-19 15:36:06] INFO  StepDef - Entered username and password
[2026-03-19 15:36:06] WARN  StepDef - Clicked on login button
[2026-03-19 15:36:09] WARN  StepDef - Dashboard URL verified
[2026-03-19 15:36:13] INFO  StepDef - User clicked on PIM button.
[2026-03-19 15:36:16] WARN  StepDef - Dashboard URL verified
[2026-03-19 15:36:17] INFO  StepDef - User clicked on add button.
[2026-03-19 15:36:18] INFO  StepDef - User entered first name in first name box.
[2026-03-19 15:36:18] INFO  StepDef - User entered last name in last name box.
[2026-03-19 15:36:18] INFO  StepDef - User entered employee iD  in ID box.
[2026-03-19 15:36:18] INFO  StepDef - User clicks on the save button.
[2026-03-19 15:36:28] INFO  StepDef - User clicked on PIM button.
[2026-03-19 15:36:28] INFO  StepDef - Clicked on search button.
[2026-03-19 15:36:28] INFO  StepDef - Driver closed
[2026-03-19 15:36:28] INFO  StepDef - Quited driver
[2026-03-19 15:37:22] INFO  StepDef - Open URL
[2026-03-19 15:37:22] INFO  StepDef - Entered username and password
[2026-03-19 15:37:24] WARN  StepDef - Clicked on login button
[2026-03-19 15:37:27] WARN  StepDef - Dashboard URL verified
[2026-03-19 15:37:31] INFO  StepDef - User clicked on PIM button.
[2026-03-19 15:37:34] WARN  StepDef - Dashboard URL verified
[2026-03-19 15:37:34] INFO  StepDef - User clicked on add button.
[2026-03-19 15:37:35] INFO  StepDef - User entered first name in first name box.
[2026-03-19 15:37:35] INFO  StepDef - User entered last name in last name box.
[2026-03-19 15:37:35] INFO  StepDef - User entered employee iD  in ID box.
[2026-03-19 15:37:35] INFO  StepDef - User clicks on the save button.
[2026-03-19 15:37:44] INFO  StepDef - User clicked on PIM button.
[2026-03-19 15:37:44] INFO  StepDef - Clicked on search button.
[2026-03-19 15:37:45] INFO  StepDef - Driver closed
[2026-03-19 15:37:45] INFO  StepDef - Quited driver
[2026-03-19 15:39:19] INFO  StepDef - Open URL
[2026-03-19 15:39:20] INFO  StepDef - Entered username and password
[2026-03-19 15:39:24] WARN  StepDef - Clicked on login button
[2026-03-19 15:39:27] WARN  StepDef - Dashboard URL verified
[2026-03-19 15:39:27] INFO  StepDef - Clicked on User menu
[2026-03-19 15:39:28] INFO  StepDef - Clicked on logout button
[2026-03-19 15:39:32] WARN  StepDef - Dashboard URL verified
[2026-03-19 15:39:32] INFO  StepDef - Driver closed
[2026-03-19 15:39:32] INFO  StepDef - Quited driver
[2026-03-19 15:39:36] INFO  StepDef - Open URL
[2026-03-19 15:39:36] INFO  StepDef - Entered username and password
[2026-03-19 15:39:38] WARN  StepDef - Clicked on login button
[2026-03-19 15:39:41] WARN  StepDef - Dashboard URL verified
[2026-03-19 15:39:42] INFO  StepDef - Clicked on Admin button.
[2026-03-19 15:39:45] WARN  StepDef - Dashboard URL verified
[2026-03-19 15:39:45] INFO  StepDef - Entered username in username text box.
[2026-03-19 15:39:45] INFO  StepDef - Clicked on search button.
[2026-03-19 15:39:55] INFO  StepDef - Quited driver
[2026-03-19 15:39:58] INFO  StepDef - Open URL
[2026-03-19 15:39:59] INFO  StepDef - Entered username and password
[2026-03-19 15:39:59] WARN  StepDef - Clicked on login button
[2026-03-19 15:40:02] WARN  StepDef - Dashboard URL verified
[2026-03-19 15:40:06] INFO  StepDef - User clicked on PIM button.
[2026-03-19 15:40:09] WARN  StepDef - Dashboard URL verified
[2026-03-19 15:40:10] INFO  StepDef - User clicked on add button.
[2026-03-19 15:40:10] INFO  StepDef - User entered first name in first name box.
[2026-03-19 15:40:10] INFO  StepDef - User entered last name in last name box.
[2026-03-19 15:40:10] INFO  StepDef - User entered employee iD  in ID box.
[2026-03-19 15:40:11] INFO  StepDef - User clicks on the save button.
[2026-03-19 15:40:20] INFO  StepDef - User clicked on PIM button.
[2026-03-19 15:40:20] INFO  StepDef - Clicked on search button.
[2026-03-19 15:40:21] INFO  StepDef - Driver closed
[2026-03-19 15:40:21] INFO  StepDef - Quited driver
[2026-03-19 16:35:48] INFO  StepDef - Open URL
[2026-03-19 16:35:49] INFO  StepDef - Entered username and password
[2026-03-19 16:35:51] WARN  StepDef - Clicked on login button
[2026-03-19 16:35:54] WARN  StepDef - Dashboard URL verified
[2026-03-19 16:35:54] INFO  StepDef - Clicked on User menu
[2026-03-19 16:35:55] INFO  StepDef - Clicked on logout button
[2026-03-19 16:35:58] WARN  StepDef - Dashboard URL verified
[2026-03-19 16:35:58] INFO  StepDef - Driver closed
[2026-03-19 16:35:58] INFO  StepDef - Quited driver
[2026-03-19 16:36:02] INFO  StepDef - Open URL
[2026-03-19 16:36:03] INFO  StepDef - Entered username and password
[2026-03-19 16:36:03] WARN  StepDef - Clicked on login button
[2026-03-19 16:36:06] WARN  StepDef - Dashboard URL verified
[2026-03-19 16:36:07] INFO  StepDef - Clicked on Admin button.
[2026-03-19 16:36:10] WARN  StepDef - Dashboard URL verified
[2026-03-19 16:36:10] INFO  StepDef - Entered username in username text box.
[2026-03-19 16:36:10] INFO  StepDef - Clicked on search button.
[2026-03-19 16:36:21] INFO  StepDef - Quited driver
[2026-03-19 16:36:23] INFO  StepDef - Open URL
[2026-03-19 16:36:24] INFO  StepDef - Entered username and password
[2026-03-19 16:36:24] WARN  StepDef - Clicked on login button
[2026-03-19 16:36:27] WARN  StepDef - Dashboard URL verified
[2026-03-19 16:36:31] INFO  StepDef - User clicked on PIM button.
[2026-03-19 16:36:34] WARN  StepDef - Dashboard URL verified
[2026-03-19 16:36:35] INFO  StepDef - User clicked on add button.
[2026-03-19 16:36:35] INFO  StepDef - User entered first name in first name box.
[2026-03-19 16:36:35] INFO  StepDef - User entered last name in last name box.
[2026-03-19 16:36:35] INFO  StepDef - User entered employee iD  in ID box.
[2026-03-19 16:36:36] INFO  StepDef - User clicks on the save button.
[2026-03-19 16:36:45] INFO  StepDef - User clicked on PIM button.
[2026-03-19 16:36:45] INFO  StepDef - Clicked on search button.
[2026-03-19 16:36:46] INFO  StepDef - Driver closed
[2026-03-19 16:36:46] INFO  StepDef - Quited driver
[2026-03-19 16:54:43] INFO  StepDef - Open URL
[2026-03-19 16:54:44] INFO  StepDef - Entered username and password
[2026-03-19 16:54:45] WARN  StepDef - Clicked on login button
[2026-03-19 16:54:48] WARN  StepDef - Dashboard URL verified
[2026-03-19 16:54:48] INFO  StepDef - Clicked on User menu
[2026-03-19 16:54:49] INFO  StepDef - Clicked on logout button
[2026-03-19 16:54:52] WARN  StepDef - Dashboard URL verified
[2026-03-19 16:54:54] INFO  StepDef - Driver closed
[2026-03-19 16:54:56] INFO  StepDef - Quited driver
[2026-03-19 16:54:59] INFO  StepDef - Open URL
[2026-03-19 16:55:00] INFO  StepDef - Entered username and password
[2026-03-19 16:55:01] WARN  StepDef - Clicked on login button
[2026-03-19 16:55:04] WARN  StepDef - Dashboard URL verified
[2026-03-19 16:55:05] INFO  StepDef - Clicked on Admin button.
[2026-03-19 16:55:08] WARN  StepDef - Dashboard URL verified
[2026-03-19 16:55:08] INFO  StepDef - Entered username in username text box.
[2026-03-19 16:55:08] INFO  StepDef - Clicked on search button.
[2026-03-19 16:55:19] INFO  StepDef - Quited driver
[2026-03-19 16:55:22] INFO  StepDef - Open URL
[2026-03-19 16:55:23] INFO  StepDef - Entered username and password
[2026-03-19 16:55:23] WARN  StepDef - Clicked on login button
[2026-03-19 16:55:26] WARN  StepDef - Dashboard URL verified
[2026-03-19 16:55:30] INFO  StepDef - User clicked on PIM button.
[2026-03-19 16:55:33] WARN  StepDef - Dashboard URL verified
[2026-03-19 16:55:33] INFO  StepDef - User clicked on add button.
[2026-03-19 16:55:34] INFO  StepDef - User entered first name in first name box.
[2026-03-19 16:55:34] INFO  StepDef - User entered last name in last name box.
[2026-03-19 16:55:34] INFO  StepDef - User entered employee iD  in ID box.
[2026-03-19 16:55:34] INFO  StepDef - User clicks on the save button.
[2026-03-19 16:55:43] INFO  StepDef - User clicked on PIM button.
[2026-03-19 16:55:43] INFO  StepDef - Clicked on search button.
[2026-03-19 16:55:44] INFO  StepDef - Driver closed
[2026-03-19 16:55:44] INFO  StepDef - Quited driver
[2026-03-19 17:17:19] INFO  StepDef - Open URL
[2026-03-19 17:17:20] INFO  StepDef - Entered username and password
[2026-03-19 17:17:20] WARN  StepDef - Clicked on login button
[2026-03-19 17:17:23] WARN  StepDef - Dashboard URL verified
[2026-03-19 17:17:23] INFO  StepDef - Clicked on User menu
[2026-03-19 17:17:24] INFO  StepDef - Clicked on logout button
[2026-03-19 17:17:27] WARN  StepDef - Dashboard URL verified
[2026-03-19 17:17:27] INFO  StepDef - Driver closed
[2026-03-19 17:17:27] INFO  StepDef - Quited driver
[2026-03-19 17:17:30] INFO  StepDef - Open URL
[2026-03-19 17:17:31] INFO  StepDef - Entered username and password
[2026-03-19 17:17:31] WARN  StepDef - Clicked on login button
[2026-03-19 17:17:34] WARN  StepDef - Dashboard URL verified
[2026-03-19 17:17:35] INFO  StepDef - Clicked on Admin button.
[2026-03-19 17:17:38] WARN  StepDef - Dashboard URL verified
[2026-03-19 17:17:38] INFO  StepDef - Entered username in username text box.
[2026-03-19 17:17:38] INFO  StepDef - Clicked on search button.
[2026-03-19 17:17:49] INFO  StepDef - Quited driver
[2026-03-19 17:17:52] INFO  StepDef - Open URL
[2026-03-19 17:17:53] INFO  StepDef - Entered username and password
[2026-03-19 17:17:53] WARN  StepDef - Clicked on login button
[2026-03-19 17:17:56] WARN  StepDef - Dashboard URL verified
[2026-03-19 17:18:00] INFO  StepDef - User clicked on PIM button.
[2026-03-19 17:18:03] WARN  StepDef - Dashboard URL verified
[2026-03-19 17:18:03] INFO  StepDef - User clicked on add button.
[2026-03-19 17:18:04] INFO  StepDef - User entered first name in first name box.
[2026-03-19 17:18:04] INFO  StepDef - User entered last name in last name box.
[2026-03-19 17:18:04] INFO  StepDef - User entered employee iD  in ID box.
[2026-03-19 17:18:05] INFO  StepDef - User clicks on the save button.
[2026-03-19 17:18:14] INFO  StepDef - User clicked on PIM button.
[2026-03-19 17:18:14] INFO  StepDef - Clicked on search button.
[2026-03-19 17:18:15] INFO  StepDef - Quited driver
[2026-03-19 18:12:27] INFO  StepDef - Open URL
[2026-03-19 18:12:29] INFO  StepDef - Open URL
[2026-03-19 18:12:30] INFO  StepDef - Open URL
[2026-03-19 18:12:30] INFO  StepDef - Entered username and password
[2026-03-19 18:12:30] INFO  StepDef - Entered username and password
[2026-03-19 18:12:30] WARN  StepDef - Clicked on login button
[2026-03-19 18:12:30] INFO  StepDef - Entered username and password
[2026-03-19 18:12:30] WARN  StepDef - Clicked on login button
[2026-03-19 18:12:31] WARN  StepDef - Clicked on login button
[2026-03-19 18:12:33] WARN  StepDef - Dashboard URL verified
[2026-03-19 18:12:33] INFO  StepDef - Clicked on User menu
[2026-03-19 18:12:33] WARN  StepDef - Dashboard URL verified
[2026-03-19 18:12:38] INFO  StepDef - User clicked on PIM button.
[2026-03-19 18:12:45] WARN  StepDef - Dashboard URL verified
[2026-03-19 18:12:46] INFO  StepDef - Quited driver
[2026-03-19 18:13:45] INFO  StepDef - Open URL
[2026-03-19 18:13:46] INFO  StepDef - Open URL
[2026-03-19 18:13:46] INFO  StepDef - Open URL
[2026-03-19 18:13:48] INFO  StepDef - Entered username and password
[2026-03-19 18:13:48] INFO  StepDef - Entered username and password
[2026-03-19 18:13:48] INFO  StepDef - Entered username and password
[2026-03-19 18:13:48] WARN  StepDef - Clicked on login button
[2026-03-19 18:13:49] INFO  StepDef - Quited driver
[2026-03-19 18:13:52] INFO  StepDef - Quited driver
[2026-03-19 18:15:01] INFO  StepDef - Open URL
[2026-03-19 18:15:01] INFO  StepDef - Entered username and password
[2026-03-19 18:15:03] WARN  StepDef - Clicked on login button
[2026-03-19 18:15:06] WARN  StepDef - Dashboard URL verified
[2026-03-19 18:15:06] INFO  StepDef - Clicked on User menu
[2026-03-19 18:15:07] INFO  StepDef - Clicked on logout button
[2026-03-19 18:15:10] WARN  StepDef - Dashboard URL verified
[2026-03-19 18:15:10] INFO  StepDef - Driver closed
[2026-03-19 18:15:10] INFO  StepDef - Quited driver
[2026-03-19 18:15:13] INFO  StepDef - Open URL
[2026-03-19 18:15:14] INFO  StepDef - Entered username and password
[2026-03-19 18:15:14] WARN  StepDef - Clicked on login button
[2026-03-19 18:15:17] WARN  StepDef - Dashboard URL verified
[2026-03-19 18:15:18] INFO  StepDef - Clicked on Admin button.
[2026-03-19 18:15:21] WARN  StepDef - Dashboard URL verified
[2026-03-19 18:15:21] INFO  StepDef - Entered username in username text box.
[2026-03-19 18:15:21] INFO  StepDef - Clicked on search button.
[2026-03-19 18:15:31] INFO  StepDef - Quited driver
[2026-03-19 18:15:34] INFO  StepDef - Open URL
[2026-03-19 18:15:35] INFO  StepDef - Entered username and password
[2026-03-19 18:15:35] WARN  StepDef - Clicked on login button
[2026-03-19 18:15:38] WARN  StepDef - Dashboard URL verified
[2026-03-19 18:15:42] INFO  StepDef - User clicked on PIM button.
[2026-03-19 18:15:45] WARN  StepDef - Dashboard URL verified
[2026-03-19 18:15:45] INFO  StepDef - User clicked on add button.
[2026-03-19 18:15:46] INFO  StepDef - User entered first name in first name box.
[2026-03-19 18:15:46] INFO  StepDef - User entered last name in last name box.
[2026-03-19 18:15:46] INFO  StepDef - User entered employee iD  in ID box.
[2026-03-19 18:15:46] INFO  StepDef - User clicks on the save button.
[2026-03-19 18:15:55] INFO  StepDef - User clicked on PIM button.
[2026-03-19 18:15:55] INFO  StepDef - Clicked on search button.
[2026-03-19 18:15:56] INFO  StepDef - Driver closed
[2026-03-19 18:15:56] INFO  StepDef - Quited driver
[2026-03-19 18:22:05] INFO  StepDef - Open URL
[2026-03-19 18:22:05] INFO  StepDef - Open URL
[2026-03-19 18:22:06] INFO  StepDef - Open URL
[2026-03-19 18:22:07] INFO  StepDef - Entered username and password
[2026-03-19 18:22:07] INFO  StepDef - Entered username and password
[2026-03-19 18:22:07] INFO  StepDef - Entered username and password
[2026-03-19 18:22:07] WARN  StepDef - Clicked on login button
[2026-03-19 18:22:09] INFO  StepDef - Quited driver
[2026-03-19 18:22:11] INFO  StepDef - Quited driver
[2026-03-19 18:24:09] INFO  StepDef - Open URL
[2026-03-19 18:24:10] INFO  StepDef - Entered username and password
[2026-03-19 18:24:10] WARN  StepDef - Clicked on login button
[2026-03-19 18:24:13] WARN  StepDef - Dashboard URL verified
[2026-03-19 18:24:13] INFO  StepDef - Clicked on User menu
[2026-03-19 18:24:15] INFO  StepDef - Clicked on logout button
[2026-03-19 18:24:18] WARN  StepDef - Dashboard URL verified
[2026-03-19 18:24:18] INFO  StepDef - Driver closed
[2026-03-19 18:24:18] INFO  StepDef - Quited driver
[2026-03-19 18:24:21] INFO  StepDef - Open URL
[2026-03-19 18:24:21] INFO  StepDef - Entered username and password
[2026-03-19 18:24:21] WARN  StepDef - Clicked on login button
[2026-03-19 18:24:24] WARN  StepDef - Dashboard URL verified
[2026-03-19 18:24:25] INFO  StepDef - Clicked on Admin button.
[2026-03-19 18:24:28] WARN  StepDef - Dashboard URL verified
[2026-03-19 18:24:28] INFO  StepDef - Entered username in username text box.
[2026-03-19 18:24:29] INFO  StepDef - Clicked on search button.
[2026-03-19 18:24:39] INFO  StepDef - Quited driver
[2026-03-19 18:24:42] INFO  StepDef - Open URL
[2026-03-19 18:24:43] INFO  StepDef - Entered username and password
[2026-03-19 18:24:43] WARN  StepDef - Clicked on login button
[2026-03-19 18:24:46] WARN  StepDef - Dashboard URL verified
[2026-03-19 18:24:50] INFO  StepDef - User clicked on PIM button.
[2026-03-19 18:24:53] WARN  StepDef - Dashboard URL verified
[2026-03-19 18:24:53] INFO  StepDef - User clicked on add button.
[2026-03-19 18:24:54] INFO  StepDef - User entered first name in first name box.
[2026-03-19 18:24:54] INFO  StepDef - User entered last name in last name box.
[2026-03-19 18:24:54] INFO  StepDef - User entered employee iD  in ID box.
[2026-03-19 18:24:54] INFO  StepDef - User clicks on the save button.
[2026-03-19 18:25:04] INFO  StepDef - User clicked on PIM button.
[2026-03-19 18:25:04] INFO  StepDef - Clicked on search button.
[2026-03-19 18:25:04] INFO  StepDef - Driver closed
[2026-03-19 18:25:05] INFO  StepDef - Quited driver
[2026-03-19 18:27:02] INFO  StepDef - Open URL
[2026-03-19 18:27:03] INFO  StepDef - Open URL
[2026-03-19 18:27:03] INFO  StepDef - Open URL
[2026-03-19 18:27:04] INFO  StepDef - Entered username and password
[2026-03-19 18:27:04] INFO  StepDef - Entered username and password
[2026-03-19 18:27:04] INFO  StepDef - Entered username and password
[2026-03-19 18:27:05] WARN  StepDef - Clicked on login button
[2026-03-19 18:27:06] INFO  StepDef - Quited driver
[2026-03-19 18:27:10] INFO  StepDef - Open URL
[2026-03-19 18:27:10] INFO  StepDef - Open URL
[2026-03-19 18:27:11] INFO  StepDef - Quited driver
[2026-03-19 18:27:11] INFO  StepDef - Quited driver
[2026-03-19 18:27:16] INFO  StepDef - Open URL
[2026-03-19 18:27:17] INFO  StepDef - Open URL
[2026-03-19 18:27:18] INFO  StepDef - Open URL
[2026-03-19 18:27:18] INFO  StepDef - Entered username and password
[2026-03-19 18:27:19] INFO  StepDef - Entered username and password
[2026-03-19 18:27:19] INFO  StepDef - Entered username and password
[2026-03-19 18:27:19] WARN  StepDef - Clicked on login button
[2026-03-19 18:27:20] WARN  StepDef - Clicked on login button
[2026-03-19 18:27:20] INFO  StepDef - Quited driver
[2026-03-19 18:27:22] INFO  StepDef - Quited driver
[2026-03-19 18:27:23] INFO  StepDef - Quited driver
[2026-03-19 18:27:27] INFO  StepDef - Open URL
[2026-03-19 18:27:28] INFO  StepDef - Entered username and password
[2026-03-19 18:27:28] WARN  StepDef - Clicked on login button
[2026-03-19 18:27:31] WARN  StepDef - Dashboard URL verified
[2026-03-19 18:27:35] INFO  StepDef - User clicked on PIM button.
[2026-03-19 18:27:38] WARN  StepDef - Dashboard URL verified
[2026-03-19 18:27:39] INFO  StepDef - User clicked on add button.
[2026-03-19 18:27:40] INFO  StepDef - User entered first name in first name box.
[2026-03-19 18:27:40] INFO  StepDef - User entered last name in last name box.
[2026-03-19 18:27:40] INFO  StepDef - User entered employee iD  in ID box.
[2026-03-19 18:27:42] INFO  StepDef - Quited driver
[2026-03-19 18:29:03] INFO  StepDef - Open URL
[2026-03-19 18:29:05] INFO  StepDef - Quited driver
[2026-03-19 18:29:07] INFO  StepDef - Open URL
[2026-03-19 18:29:07] INFO  StepDef - Quited driver
[2026-03-19 18:29:09] INFO  StepDef - Open URL
[2026-03-19 18:29:09] INFO  StepDef - Quited driver
[2026-03-19 18:35:01] INFO  StepDef - Open URL
[2026-03-19 18:35:02] INFO  StepDef - Entered username and password
[2026-03-19 18:35:03] WARN  StepDef - Clicked on login button
[2026-03-19 18:35:06] WARN  StepDef - Dashboard URL verified
[2026-03-19 18:35:06] INFO  StepDef - Clicked on User menu
[2026-03-19 18:35:07] INFO  StepDef - Clicked on logout button
[2026-03-19 18:35:10] WARN  StepDef - Dashboard URL verified
[2026-03-19 18:35:11] INFO  StepDef - Driver closed
[2026-03-19 18:35:16] INFO  StepDef - Open URL
[2026-03-19 18:35:17] INFO  StepDef - Entered username and password
[2026-03-19 18:35:18] WARN  StepDef - Clicked on login button
[2026-03-19 18:35:21] WARN  StepDef - Dashboard URL verified
[2026-03-19 18:35:22] INFO  StepDef - Clicked on Admin button.
[2026-03-19 18:35:25] WARN  StepDef - Dashboard URL verified
[2026-03-19 18:35:25] INFO  StepDef - Entered username in username text box.
[2026-03-19 18:35:25] INFO  StepDef - Clicked on search button.
[2026-03-19 18:35:36] INFO  StepDef - Quited driver
[2026-03-19 18:35:41] INFO  StepDef - Open URL
[2026-03-19 18:35:42] INFO  StepDef - Entered username and password
[2026-03-19 18:35:43] WARN  StepDef - Clicked on login button
[2026-03-19 18:35:46] WARN  StepDef - Dashboard URL verified
[2026-03-19 18:35:50] INFO  StepDef - User clicked on PIM button.
[2026-03-19 18:35:53] WARN  StepDef - Dashboard URL verified
[2026-03-19 18:35:54] INFO  StepDef - User clicked on add button.
[2026-03-19 18:35:54] INFO  StepDef - User entered first name in first name box.
[2026-03-19 18:35:54] INFO  StepDef - User entered last name in last name box.
[2026-03-19 18:35:54] INFO  StepDef - User entered employee iD  in ID box.
[2026-03-19 18:35:55] INFO  StepDef - Quited driver
[2026-03-19 18:38:25] INFO  StepDef - Open URL
[2026-03-19 18:38:25] INFO  StepDef - Entered username and password
[2026-03-19 18:38:25] WARN  StepDef - Clicked on login button
[2026-03-19 18:38:28] WARN  StepDef - Dashboard URL verified
[2026-03-19 18:38:29] INFO  StepDef - Clicked on User menu
[2026-03-19 18:38:30] INFO  StepDef - Clicked on logout button
[2026-03-19 18:38:33] WARN  StepDef - Dashboard URL verified
[2026-03-19 18:38:33] INFO  StepDef - Driver closed
[2026-03-19 18:38:33] INFO  StepDef - Quited driver
[2026-03-19 18:38:36] INFO  StepDef - Open URL
[2026-03-19 18:38:37] INFO  StepDef - Entered username and password
[2026-03-19 18:38:37] WARN  StepDef - Clicked on login button
[2026-03-19 18:38:40] WARN  StepDef - Dashboard URL verified
[2026-03-19 18:38:42] INFO  StepDef - Clicked on Admin button.
[2026-03-19 18:38:45] WARN  StepDef - Dashboard URL verified
[2026-03-19 18:38:45] INFO  StepDef - Entered username in username text box.
[2026-03-19 18:38:45] INFO  StepDef - Clicked on search button.
[2026-03-19 18:38:55] INFO  StepDef - Quited driver
[2026-03-19 18:38:59] INFO  StepDef - Open URL
[2026-03-19 18:39:00] INFO  StepDef - Entered username and password
[2026-03-19 18:39:00] WARN  StepDef - Clicked on login button
[2026-03-19 18:39:03] WARN  StepDef - Dashboard URL verified
[2026-03-19 18:39:11] INFO  StepDef - User clicked on PIM button.
[2026-03-19 18:39:14] WARN  StepDef - Dashboard URL verified
[2026-03-19 18:39:17] INFO  StepDef - User clicked on add button.
[2026-03-19 18:39:18] INFO  StepDef - User entered first name in first name box.
[2026-03-19 18:39:18] INFO  StepDef - User entered last name in last name box.
[2026-03-19 18:39:18] INFO  StepDef - User entered employee iD  in ID box.
[2026-03-19 18:39:19] INFO  StepDef - User clicks on the save button.
[2026-03-19 18:39:34] INFO  StepDef - User clicked on PIM button.
[2026-03-19 18:39:34] INFO  StepDef - Clicked on search button.
[2026-03-19 18:39:35] INFO  StepDef - Driver closed
[2026-03-19 18:39:35] INFO  StepDef - Quited driver
[2026-03-19 18:39:38] INFO  StepDef - Open URL
[2026-03-19 18:39:39] INFO  StepDef - Entered username and password
[2026-03-19 18:39:39] WARN  StepDef - Clicked on login button
[2026-03-19 18:39:42] WARN  StepDef - Dashboard URL verified
[2026-03-19 18:39:42] INFO  StepDef - Clicked on User menu
[2026-03-19 18:39:44] INFO  StepDef - Clicked on logout button
[2026-03-19 18:39:47] WARN  StepDef - Dashboard URL verified
[2026-03-19 18:39:47] INFO  StepDef - Driver closed
[2026-03-19 18:39:47] INFO  StepDef - Quited driver
[2026-03-19 18:39:49] INFO  StepDef - Open URL
[2026-03-19 18:39:50] INFO  StepDef - Entered username and password
[2026-03-19 18:39:50] WARN  StepDef - Clicked on login button
[2026-03-19 18:39:53] WARN  StepDef - Dashboard URL verified
[2026-03-19 18:39:54] INFO  StepDef - Clicked on Admin button.
[2026-03-19 18:39:57] WARN  StepDef - Dashboard URL verified
[2026-03-19 18:39:58] INFO  StepDef - Entered username in username text box.
[2026-03-19 18:39:58] INFO  StepDef - Clicked on search button.
[2026-03-19 18:40:08] INFO  StepDef - Quited driver
[2026-03-19 18:40:11] INFO  StepDef - Open URL
[2026-03-19 18:40:11] INFO  StepDef - Entered username and password
[2026-03-19 18:40:11] WARN  StepDef - Clicked on login button
[2026-03-19 18:40:15] WARN  StepDef - Dashboard URL verified
[2026-03-19 18:40:19] INFO  StepDef - User clicked on PIM button.
[2026-03-19 18:40:22] WARN  StepDef - Dashboard URL verified
[2026-03-19 18:40:22] INFO  StepDef - User clicked on add button.
[2026-03-19 18:40:23] INFO  StepDef - User entered first name in first name box.
[2026-03-19 18:40:23] INFO  StepDef - User entered last name in last name box.
[2026-03-19 18:40:23] INFO  StepDef - User entered employee iD  in ID box.
[2026-03-19 18:40:23] INFO  StepDef - User clicks on the save button.
[2026-03-19 18:40:33] INFO  StepDef - User clicked on PIM button.
[2026-03-19 18:40:33] INFO  StepDef - Clicked on search button.
[2026-03-19 18:40:33] INFO  StepDef - Driver closed
[2026-03-19 18:40:33] INFO  StepDef - Quited driver
[2026-03-19 18:40:36] INFO  StepDef - Open URL
[2026-03-19 18:40:37] INFO  StepDef - Entered username and password
[2026-03-19 18:40:37] WARN  StepDef - Clicked on login button
[2026-03-19 18:40:40] WARN  StepDef - Dashboard URL verified
[2026-03-19 18:40:40] INFO  StepDef - Clicked on User menu
[2026-03-19 18:40:41] INFO  StepDef - Clicked on logout button
[2026-03-19 18:40:44] WARN  StepDef - Dashboard URL verified
[2026-03-19 18:40:45] INFO  StepDef - Driver closed
[2026-03-19 18:40:45] INFO  StepDef - Quited driver
[2026-03-19 18:40:48] INFO  StepDef - Open URL
[2026-03-19 18:40:48] INFO  StepDef - Entered username and password
[2026-03-19 18:40:48] WARN  StepDef - Clicked on login button
[2026-03-19 18:40:51] WARN  StepDef - Dashboard URL verified
[2026-03-19 18:40:52] INFO  StepDef - Clicked on Admin button.
[2026-03-19 18:40:55] WARN  StepDef - Dashboard URL verified
[2026-03-19 18:40:55] INFO  StepDef - Entered username in username text box.
[2026-03-19 18:40:55] INFO  StepDef - Clicked on search button.
[2026-03-19 18:41:06] INFO  StepDef - Quited driver
[2026-03-19 18:41:08] INFO  StepDef - Open URL
[2026-03-19 18:41:09] INFO  StepDef - Entered username and password
[2026-03-19 18:41:09] WARN  StepDef - Clicked on login button
[2026-03-19 18:41:12] WARN  StepDef - Dashboard URL verified
[2026-03-19 18:41:16] INFO  StepDef - User clicked on PIM button.
[2026-03-19 18:41:19] WARN  StepDef - Dashboard URL verified
[2026-03-19 18:41:20] INFO  StepDef - User clicked on add button.
[2026-03-19 18:41:20] INFO  StepDef - User entered first name in first name box.
[2026-03-19 18:41:20] INFO  StepDef - User entered last name in last name box.
[2026-03-19 18:41:20] INFO  StepDef - User entered employee iD  in ID box.
[2026-03-19 18:41:21] INFO  StepDef - User clicks on the save button.
[2026-03-19 18:41:30] INFO  StepDef - User clicked on PIM button.
[2026-03-19 18:41:31] INFO  StepDef - Clicked on search button.
[2026-03-19 18:41:31] INFO  StepDef - Driver closed
[2026-03-19 18:41:31] INFO  StepDef - Quited driver
[2026-03-19 18:47:29] INFO  StepDef - Open URL
[2026-03-19 18:47:30] INFO  StepDef - Entered username and password
[2026-03-19 18:47:30] WARN  StepDef - Clicked on login button
[2026-03-19 18:47:33] WARN  StepDef - Dashboard URL verified
[2026-03-19 18:47:33] INFO  StepDef - Clicked on User menu
[2026-03-19 18:47:35] INFO  StepDef - Clicked on logout button
[2026-03-19 18:47:38] WARN  StepDef - Dashboard URL verified
[2026-03-19 18:47:38] INFO  StepDef - Driver closed
[2026-03-19 18:47:38] INFO  StepDef - Quited driver
[2026-03-19 18:47:41] INFO  StepDef - Open URL
[2026-03-19 18:47:42] INFO  StepDef - Entered username and password
[2026-03-19 18:47:42] WARN  StepDef - Clicked on login button
[2026-03-19 18:47:45] WARN  StepDef - Dashboard URL verified
[2026-03-19 18:47:46] INFO  StepDef - Clicked on Admin button.
[2026-03-19 18:47:49] WARN  StepDef - Dashboard URL verified
[2026-03-19 18:47:49] INFO  StepDef - Entered username in username text box.
[2026-03-19 18:47:49] INFO  StepDef - Clicked on search button.
[2026-03-19 18:48:00] INFO  StepDef - Quited driver
[2026-03-19 18:48:02] INFO  StepDef - Open URL
[2026-03-19 18:48:03] INFO  StepDef - Entered username and password
[2026-03-19 18:48:03] WARN  StepDef - Clicked on login button
[2026-03-19 18:48:06] WARN  StepDef - Dashboard URL verified
[2026-03-19 18:48:10] INFO  StepDef - User clicked on PIM button.
[2026-03-19 18:48:13] WARN  StepDef - Dashboard URL verified
[2026-03-19 18:48:14] INFO  StepDef - User clicked on add button.
[2026-03-19 18:48:14] INFO  StepDef - User entered first name in first name box.
[2026-03-19 18:48:14] INFO  StepDef - User entered last name in last name box.
[2026-03-19 18:48:14] INFO  StepDef - User entered employee iD  in ID box.
[2026-03-19 18:48:15] INFO  StepDef - User clicks on the save button.
[2026-03-19 18:48:24] INFO  StepDef - User clicked on PIM button.
[2026-03-19 18:48:24] INFO  StepDef - Clicked on search button.
[2026-03-19 18:48:25] INFO  StepDef - Driver closed
[2026-03-19 18:48:25] INFO  StepDef - Quited driver
[2026-03-19 18:48:28] INFO  StepDef - Open URL
[2026-03-19 18:48:29] INFO  StepDef - Entered username and password
[2026-03-19 18:48:29] WARN  StepDef - Clicked on login button
[2026-03-19 18:48:32] WARN  StepDef - Dashboard URL verified
[2026-03-19 18:48:32] INFO  StepDef - Clicked on User menu
[2026-03-19 18:48:34] INFO  StepDef - Clicked on logout button
[2026-03-19 18:48:37] WARN  StepDef - Dashboard URL verified
[2026-03-19 18:48:37] INFO  StepDef - Driver closed
[2026-03-19 18:48:37] INFO  StepDef - Quited driver
[2026-03-19 18:48:40] INFO  StepDef - Open URL
[2026-03-19 18:48:41] INFO  StepDef - Entered username and password
[2026-03-19 18:48:41] WARN  StepDef - Clicked on login button
[2026-03-19 18:48:44] WARN  StepDef - Dashboard URL verified
[2026-03-19 18:48:48] INFO  StepDef - Clicked on Admin button.
[2026-03-19 18:48:51] WARN  StepDef - Dashboard URL verified
[2026-03-19 18:48:52] INFO  StepDef - Entered username in username text box.
[2026-03-19 18:48:52] INFO  StepDef - Clicked on search button.
[2026-03-19 18:49:02] INFO  StepDef - Quited driver
[2026-03-19 18:49:08] INFO  StepDef - Open URL
[2026-03-19 18:49:09] INFO  StepDef - Entered username and password
[2026-03-19 18:49:09] WARN  StepDef - Clicked on login button
[2026-03-19 18:49:12] WARN  StepDef - Dashboard URL verified
[2026-03-19 18:49:20] INFO  StepDef - User clicked on PIM button.
[2026-03-19 18:49:23] WARN  StepDef - Dashboard URL verified
[2026-03-19 18:49:25] INFO  StepDef - User clicked on add button.
[2026-03-19 18:49:26] INFO  StepDef - User entered first name in first name box.
[2026-03-19 18:49:27] INFO  StepDef - User entered last name in last name box.
[2026-03-19 18:49:27] INFO  StepDef - User entered employee iD  in ID box.
[2026-03-19 18:49:29] INFO  StepDef - Quited driver
[2026-03-19 18:49:32] INFO  StepDef - Open URL
[2026-03-19 18:49:34] INFO  StepDef - Entered username and password
[2026-03-19 18:49:34] WARN  StepDef - Clicked on login button
[2026-03-19 18:49:37] WARN  StepDef - Dashboard URL verified
[2026-03-19 18:49:38] INFO  StepDef - Clicked on User menu
[2026-03-19 18:49:42] INFO  StepDef - Clicked on logout button
[2026-03-19 18:49:45] WARN  StepDef - Dashboard URL verified
[2026-03-19 18:49:45] INFO  StepDef - Driver closed
[2026-03-19 18:49:45] INFO  StepDef - Quited driver
[2026-03-19 18:49:48] INFO  StepDef - Open URL
[2026-03-19 18:49:49] INFO  StepDef - Entered username and password
[2026-03-19 18:49:49] WARN  StepDef - Clicked on login button
[2026-03-19 18:49:52] WARN  StepDef - Dashboard URL verified
[2026-03-19 18:49:53] INFO  StepDef - Clicked on Admin button.
[2026-03-19 18:49:56] WARN  StepDef - Dashboard URL verified
[2026-03-19 18:49:56] INFO  StepDef - Entered username in username text box.
[2026-03-19 18:49:56] INFO  StepDef - Clicked on search button.
[2026-03-19 18:50:06] INFO  StepDef - Quited driver
[2026-03-19 18:50:09] INFO  StepDef - Open URL
[2026-03-19 18:50:09] INFO  StepDef - Entered username and password
[2026-03-19 18:50:11] WARN  StepDef - Clicked on login button
[2026-03-19 18:50:14] WARN  StepDef - Dashboard URL verified
[2026-03-19 18:50:18] INFO  StepDef - User clicked on PIM button.
[2026-03-19 18:50:21] WARN  StepDef - Dashboard URL verified
[2026-03-19 18:50:22] INFO  StepDef - User clicked on add button.
[2026-03-19 18:50:22] INFO  StepDef - User entered first name in first name box.
[2026-03-19 18:50:22] INFO  StepDef - User entered last name in last name box.
[2026-03-19 18:50:22] INFO  StepDef - User entered employee iD  in ID box.
[2026-03-19 18:50:23] INFO  StepDef - User clicks on the save button.
[2026-03-19 18:50:32] INFO  StepDef - User clicked on PIM button.
[2026-03-19 18:50:32] INFO  StepDef - Clicked on search button.
[2026-03-19 18:50:33] INFO  StepDef - Driver closed
[2026-03-19 18:50:33] INFO  StepDef - Quited driver
[2026-03-19 18:53:32] INFO  StepDef - Open URL
[2026-03-19 18:53:33] INFO  StepDef - Entered username and password
[2026-03-19 18:53:34] WARN  StepDef - Clicked on login button
[2026-03-19 18:53:37] WARN  StepDef - Dashboard URL verified
[2026-03-19 18:53:37] INFO  StepDef - Clicked on User menu
[2026-03-19 18:53:38] INFO  StepDef - Clicked on logout button
[2026-03-19 18:53:41] WARN  StepDef - Dashboard URL verified
[2026-03-19 18:53:42] INFO  StepDef - Driver closed
[2026-03-19 18:53:50] INFO  StepDef - Open URL
[2026-03-19 18:53:50] INFO  StepDef - Entered username and password
[2026-03-19 18:53:51] WARN  StepDef - Clicked on login button
[2026-03-19 18:53:54] WARN  StepDef - Dashboard URL verified
[2026-03-19 18:53:55] INFO  StepDef - Clicked on Admin button.
[2026-03-19 18:53:58] WARN  StepDef - Dashboard URL verified
[2026-03-19 18:53:58] INFO  StepDef - Entered username in username text box.
[2026-03-19 18:53:58] INFO  StepDef - Clicked on search button.
[2026-03-19 18:54:09] INFO  StepDef - Quited driver
[2026-03-19 18:54:14] INFO  StepDef - Open URL
[2026-03-19 18:54:15] INFO  StepDef - Entered username and password
[2026-03-19 18:54:17] WARN  StepDef - Clicked on login button
[2026-03-19 18:54:20] WARN  StepDef - Dashboard URL verified
[2026-03-19 18:54:24] INFO  StepDef - User clicked on PIM button.
[2026-03-19 18:54:27] WARN  StepDef - Dashboard URL verified
[2026-03-19 18:54:28] INFO  StepDef - User clicked on add button.
[2026-03-19 18:54:28] INFO  StepDef - User entered first name in first name box.
[2026-03-19 18:54:29] INFO  StepDef - User entered last name in last name box.
[2026-03-19 18:54:29] INFO  StepDef - User entered employee iD  in ID box.
[2026-03-19 18:54:29] INFO  StepDef - Quited driver
[2026-03-19 18:54:35] INFO  StepDef - Open URL
[2026-03-19 18:54:36] INFO  StepDef - Entered username and password
[2026-03-19 18:54:38] WARN  StepDef - Clicked on login button
[2026-03-19 18:54:41] WARN  StepDef - Dashboard URL verified
[2026-03-19 18:54:41] INFO  StepDef - Clicked on User menu
[2026-03-19 18:54:42] INFO  StepDef - Clicked on logout button
[2026-03-19 18:54:45] WARN  StepDef - Dashboard URL verified
[2026-03-19 18:54:46] INFO  StepDef - Driver closed
[2026-03-19 18:54:54] INFO  StepDef - Open URL
[2026-03-19 18:54:55] INFO  StepDef - Entered username and password
[2026-03-19 18:54:58] WARN  StepDef - Clicked on login button
[2026-03-19 18:55:01] WARN  StepDef - Dashboard URL verified
[2026-03-19 18:55:04] INFO  StepDef - Clicked on Admin button.
[2026-03-19 18:55:07] WARN  StepDef - Dashboard URL verified
[2026-03-19 18:55:07] INFO  StepDef - Entered username in username text box.
[2026-03-19 18:55:07] INFO  StepDef - Clicked on search button.
[2026-03-19 18:55:18] INFO  StepDef - Quited driver
[2026-03-19 18:55:25] INFO  StepDef - Open URL
[2026-03-19 18:55:26] INFO  StepDef - Entered username and password
[2026-03-19 18:55:28] WARN  StepDef - Clicked on login button
[2026-03-19 18:55:31] WARN  StepDef - Dashboard URL verified
[2026-03-19 18:55:37] INFO  StepDef - User clicked on PIM button.
[2026-03-19 18:55:40] WARN  StepDef - Dashboard URL verified
[2026-03-19 18:55:42] INFO  StepDef - User clicked on add button.
[2026-03-19 18:55:43] INFO  StepDef - User entered first name in first name box.
[2026-03-19 18:55:43] INFO  StepDef - User entered last name in last name box.
[2026-03-19 18:55:43] INFO  StepDef - User entered employee iD  in ID box.
[2026-03-19 18:55:44] INFO  StepDef - Quited driver
